2026-05-16 15:52:21,242 [INFO] --- Wikimedia Streaming Pipeline Starting ---
2026-05-16 15:52:21,243 [INFO] Logs directory: C:\Users\chiyo\OneDrive\Desktop\streaming\logs
2026-05-16 15:52:26,254 [INFO] dbt scheduler: waiting 2 minutes before first run...
2026-05-16 15:52:26,254 [INFO] All components started.
2026-05-16 15:52:26,254 [INFO] Monitoring logs in: C:\Users\chiyo\OneDrive\Desktop\streaming\logs
2026-05-16 15:53:05,318 [INFO] Shutting down pipeline...
2026-05-16 15:53:05,319 [INFO] Terminating producer (PID 12052)...
2026-05-16 15:53:05,403 [INFO] Terminating spark (PID 15264)...
2026-05-16 15:53:05,596 [INFO] All processes stopped.
2026-05-16 15:55:37,992 [INFO] --- Wikimedia Streaming Pipeline Starting ---
2026-05-16 15:55:37,992 [INFO] Logs directory: C:\Users\chiyo\OneDrive\Desktop\streaming\logs
2026-05-16 15:55:43,007 [INFO] dbt scheduler: waiting 2 minutes before first run...
2026-05-16 15:55:43,008 [INFO] All components started.
2026-05-16 15:55:43,009 [INFO] Monitoring logs in: C:\Users\chiyo\OneDrive\Desktop\streaming\logs
2026-05-16 15:55:44,982 [INFO] Shutting down pipeline...
2026-05-16 15:55:44,982 [INFO] Terminating producer (PID 12880)...
2026-05-16 15:55:44,987 [INFO] Terminating spark (PID 11912)...
2026-05-16 15:55:44,995 [INFO] All processes stopped.
2026-05-16 15:55:46,656 [INFO] --- Wikimedia Streaming Pipeline Starting ---
2026-05-16 15:55:46,656 [INFO] Logs directory: C:\Users\chiyo\OneDrive\Desktop\streaming\logs
2026-05-16 15:55:46,664 [INFO] Started producer (PID 16724) -> logs/producer.log
2026-05-16 15:55:51,669 [INFO] dbt scheduler: waiting 2 minutes before first run...
2026-05-16 15:55:51,669 [INFO] All components started.
2026-05-16 15:55:51,670 [INFO] Monitoring logs in: C:\Users\chiyo\OneDrive\Desktop\streaming\logs
2026-05-16 15:55:51,678 [INFO] Started spark (PID 16068) -> logs/spark.log
2026-05-16 15:57:51,672 [INFO] Running Prefect flow (dbt run + test)...
2026-05-16 16:00:49,532 [WARNING] producer exited with code 1. Restarting in 10s...
2026-05-16 16:00:59,543 [INFO] Started producer (PID 3652) -> logs/producer.log
2026-05-16 16:01:07,350 [INFO] Prefect flow completed successfully.
2026-05-16 16:01:07,350 [INFO] Next dbt run at: 17:01:07
2026-05-16 16:06:43,515 [INFO] Shutting down pipeline...
2026-05-16 16:06:43,515 [INFO] Terminating producer (PID 3652)...
2026-05-16 16:06:43,578 [INFO] Terminating spark (PID 16068)...
2026-05-16 16:06:43,613 [INFO] All processes stopped.
